// Jest Snapshot v1, https://goo.gl/fbAQLP

exports[`variadic argument must be the last 1`] = `"Can't add more arguments"`;
